// Vitest Snapshot v1, https://vitest.dev/guide/snapshot.html

exports[`renders learn react link 1`] = `
.c0 {
  background: #000;
}

<div
  class="c0"
>
  <h1>
    Hello
  </h1>
</div>
`;
