// Vitest Snapshot v1, https://vitest.dev/guide/snapshot.html

exports[`<NavLinks /> > should match snapshot 1`] = `
.c0 {
  display: flex;
  flex-flow: row wrap;
}

.c1 {
  display: block;
  text-decoration: none;
  position: relative;
  width: fit-content;
  font-size: 1.6rem;
  padding: 1.6rem;
  color: #0A1128;
}

.c1::after {
  content: '';
  position: absolute;
  bottom: 0.75rem;
  left: 50%;
  width: 0;
  height: 0.2rem;
  background: #dc143c;
  transition: all 0.3s ease-in-out;
}

.c1:hover::after {
  width: 50%;
  left: 25%;
}

@media (max-width: 768px) {
  .c0 {
    flex-flow: column wrap;
    align-content: center;
  }
}

<div>
  <nav
    class="c0"
  >
    <a
      class="c1"
      href="#link1"
      target="_self"
    >
      Link 1
    </a>
    <a
      class="c1"
      href="#link2"
      target="_self"
    >
      Link 2
    </a>
    <a
      class="c1"
      href="#link3"
      target="_self"
    >
      Link 3
    </a>
    <a
      class="c1"
      href="#link4"
      target="_self"
    >
      Link 4
    </a>
    <a
      class="c1"
      href="#link5"
      target="_self"
    >
      Link 5
    </a>
    <a
      class="c1"
      href="#link6"
      target="_self"
    >
      Link 6
    </a>
    <a
      class="c1"
      href="#link7"
      target="_self"
    >
      Link 7
    </a>
    <a
      class="c1"
      href="#link8"
      target="_self"
    >
      Link 8
    </a>
  </nav>
</div>
`;
